  PlayerAudio.cpp
  PlayerGUI.cpp
  Main.cpp
  MainComponent.cpp
C:\Assignment oop 2\testtttttt\Assignment2\Source\Main.cpp(24,42): warning C4100: 'commandLine': unreferenced parameter
C:\Assignment oop 2\testtttttt\Assignment2\Source\Main.cpp(46,54): warning C4100: 'commandLine': unreferenced parameter
  include_juce_audio_basics.cpp
  include_juce_audio_devices.cpp
  include_juce_audio_formats.cpp
  include_juce_audio_processors_ara.cpp
  include_juce_audio_processors_lv2_libs.cpp
  include_juce_audio_utils.cpp
  include_juce_core_CompilationTime.cpp
  include_juce_data_structures.cpp
  include_juce_events.cpp
  include_juce_graphics_Harfbuzz.cpp
  include_juce_gui_extra.cpp
  include_juce_audio_processors.cpp
  include_juce_core.cpp
  include_juce_graphics.cpp
  include_juce_gui_basics.cpp
  include_juce_graphics_Sheenbidi.c
  version1_App.vcxproj -> C:\Assignment oop 2\testtttttt\Assignment2\Builds\VisualStudio2022\x64\Debug\App\version1.exe
